2025-04-15T00:20:16.327+03:00  INFO 41421 --- [http-nio-8080-exec-2] o.a.c.c.C.[Tomcat].[localhost].[/]       : Initializing Spring DispatcherServlet 'dispatcherServlet'
2025-04-15T00:20:16.439+03:00  INFO 41421 --- [http-nio-8080-exec-2] o.s.web.servlet.DispatcherServlet        : Initializing Servlet 'dispatcherServlet'
2025-04-15T00:20:16.546+03:00  INFO 41421 --- [http-nio-8080-exec-2] o.s.web.servlet.DispatcherServlet        : Completed initialization in 102 ms
2025-04-15T00:20:16.682+03:00 DEBUG 41421 --- [http-nio-8080-exec-6] o.s.security.web.FilterChainProxy        : Securing GET /rest/admin-ui/bankAccounts?page=0&size=1&sort=id%2CASC
2025-04-15T00:20:16.682+03:00 DEBUG 41421 --- [http-nio-8080-exec-3] o.s.security.web.FilterChainProxy        : Securing GET /rest/admin-ui/users?page=0&size=1&sort=id%2CASC
2025-04-15T00:20:16.683+03:00 DEBUG 41421 --- [http-nio-8080-exec-2] o.s.security.web.FilterChainProxy        : Securing GET /rest/admin-ui/operations?page=0&size=5&sort=id%2CDESC
2025-04-15T00:20:16.682+03:00 DEBUG 41421 --- [http-nio-8080-exec-4] o.s.security.web.FilterChainProxy        : Securing GET /rest/admin-ui/bankAccounts?page=0&size=1&sort=id%2CASC
2025-04-15T00:20:16.682+03:00 DEBUG 41421 --- [http-nio-8080-exec-5] o.s.security.web.FilterChainProxy        : Securing GET /rest/admin-ui/cards?page=0&size=1&sort=id%2CASC
2025-04-15T00:20:16.683+03:00 DEBUG 41421 --- [http-nio-8080-exec-1] o.s.security.web.FilterChainProxy        : Securing GET /rest/admin-ui/users?page=0&size=1&sort=id%2CASC
2025-04-15T00:20:17.545+03:00 DEBUG 41421 --- [http-nio-8080-exec-1] o.s.s.oauth2.jwt.JwtClaimValidator       : The iss claim is not valid
2025-04-15T00:20:17.545+03:00 DEBUG 41421 --- [http-nio-8080-exec-5] o.s.s.oauth2.jwt.JwtClaimValidator       : The iss claim is not valid
2025-04-15T00:20:17.545+03:00 DEBUG 41421 --- [http-nio-8080-exec-2] o.s.s.oauth2.jwt.JwtClaimValidator       : The iss claim is not valid
2025-04-15T00:20:17.545+03:00 DEBUG 41421 --- [http-nio-8080-exec-3] o.s.s.oauth2.jwt.JwtClaimValidator       : The iss claim is not valid
2025-04-15T00:20:17.545+03:00 DEBUG 41421 --- [http-nio-8080-exec-4] o.s.s.oauth2.jwt.JwtClaimValidator       : The iss claim is not valid
2025-04-15T00:20:17.545+03:00 DEBUG 41421 --- [http-nio-8080-exec-6] o.s.s.oauth2.jwt.JwtClaimValidator       : The iss claim is not valid
2025-04-15T00:20:17.547+03:00 DEBUG 41421 --- [http-nio-8080-exec-3] o.s.s.o.s.r.a.JwtAuthenticationProvider  : Failed to authenticate since the JWT was invalid
2025-04-15T00:20:17.547+03:00 DEBUG 41421 --- [http-nio-8080-exec-1] o.s.s.o.s.r.a.JwtAuthenticationProvider  : Failed to authenticate since the JWT was invalid
2025-04-15T00:20:17.547+03:00 DEBUG 41421 --- [http-nio-8080-exec-6] o.s.s.o.s.r.a.JwtAuthenticationProvider  : Failed to authenticate since the JWT was invalid
2025-04-15T00:20:17.547+03:00 DEBUG 41421 --- [http-nio-8080-exec-5] o.s.s.o.s.r.a.JwtAuthenticationProvider  : Failed to authenticate since the JWT was invalid
2025-04-15T00:20:17.547+03:00 DEBUG 41421 --- [http-nio-8080-exec-2] o.s.s.o.s.r.a.JwtAuthenticationProvider  : Failed to authenticate since the JWT was invalid
2025-04-15T00:20:17.548+03:00 DEBUG 41421 --- [http-nio-8080-exec-4] o.s.s.o.s.r.a.JwtAuthenticationProvider  : Failed to authenticate since the JWT was invalid
2025-04-15T00:20:17.687+03:00 DEBUG 41421 --- [http-nio-8080-exec-7] o.s.security.web.FilterChainProxy        : Securing GET /rest/admin-ui/cards?page=0&size=1&sort=id%2CASC
2025-04-15T00:20:17.687+03:00 DEBUG 41421 --- [http-nio-8080-exec-8] o.s.security.web.FilterChainProxy        : Securing GET /rest/admin-ui/operations?page=0&size=5&sort=id%2CDESC
2025-04-15T00:20:17.692+03:00 DEBUG 41421 --- [http-nio-8080-exec-7] o.s.s.oauth2.jwt.JwtClaimValidator       : The iss claim is not valid
2025-04-15T00:20:17.692+03:00 DEBUG 41421 --- [http-nio-8080-exec-7] o.s.s.o.s.r.a.JwtAuthenticationProvider  : Failed to authenticate since the JWT was invalid
2025-04-15T00:20:17.692+03:00 DEBUG 41421 --- [http-nio-8080-exec-8] o.s.s.oauth2.jwt.JwtClaimValidator       : The iss claim is not valid
2025-04-15T00:20:17.693+03:00 DEBUG 41421 --- [http-nio-8080-exec-8] o.s.s.o.s.r.a.JwtAuthenticationProvider  : Failed to authenticate since the JWT was invalid
2025-04-15T00:21:56.634+03:00  INFO 41421 --- [SpringApplicationShutdownHook] j.LocalContainerEntityManagerFactoryBean : Closing JPA EntityManagerFactory for persistence unit 'Default'
2025-04-15T00:21:56.701+03:00  INFO 41421 --- [SpringApplicationShutdownHook] com.zaxxer.hikari.HikariDataSource       : HikariPool-1 - Shutdown initiated...
2025-04-15T00:21:56.717+03:00  INFO 41421 --- [SpringApplicationShutdownHook] com.zaxxer.hikari.HikariDataSource       : HikariPool-1 - Shutdown completed.
